<testsuites name="results">
  <testsuite name="all" package="all">
    <property name="random_seed" value="1749282328" />
    <testcase name="dut_test" classname="dut_test" file="/mnt/c/Users/Ki/Desktop/projects/interfaces-vamC01/tests/dut_test.py" lineno="51" time="0.4399416446685791" sim_time_ns="4010.001" ratio_time="9114.847499878879" />
  </testsuite>
</testsuites>
